// Jest Snapshot v1, https://goo.gl/fbAQLP

exports[`graphql server queries parks returns a list of parks 1`] = `
Object {
  "data": Object {
    "parks": Array [
      Object {
        "id": "EPCOT",
        "name": "Park One",
        "permalink": "park-one",
      },
      Object {
        "id": "MAGIC_KINGDOM",
        "name": "Park Two",
        "permalink": "park-two",
      },
    ],
  },
  "errors": undefined,
  "extensions": undefined,
  "http": Object {
    "headers": Headers {
      Symbol(map): Object {},
    },
  },
}
`;
